// Jest Snapshot v1, https://goo.gl/fbAQLP

exports[`<Pagination/> should find cuke-pagination classnames 1`] = `
<section
  className="cuke-pagination"
  current={1}
>
  <Button
    block={false}
    circle={false}
    dashed={false}
    disabled={true}
    hollow={false}
    href=""
    htmlType="button"
    loading={false}
    onClick={[Function]}
    plain={false}
    prefixCls="cuke-button"
    size="default"
    type="default"
  >
    上一页
  </Button>
  <span
    className="cuke-pagination-pages"
  >
    <span
      className="cuke-pagination-page-index"
    >
      1
    </span>
     
    /
     
    10
  </span>
  <Button
    block={false}
    circle={false}
    dashed={false}
    disabled={false}
    hollow={false}
    href=""
    htmlType="button"
    loading={false}
    onClick={[Function]}
    plain={false}
    prefixCls="cuke-button"
    size="default"
    type="primary"
  >
    下一页
  </Button>
</section>
`;

exports[`<Pagination/> should find custom locale text 1`] = `
<section
  class="cuke-pagination"
  current="1"
>
  <button
    class="cuke-button cuke-button-normal cuke-button-disabled"
    disabled=""
    type="button"
  >
    <span>
      后退
    </span>
  </button>
  <span
    class="cuke-pagination-pages"
  >
    <span
      class="cuke-pagination-page-index"
    >
      1
    </span>
     / 10
  </span>
  <button
    class="cuke-button cuke-button-primary"
    type="button"
  >
    <span>
      前进
    </span>
  </button>
</section>
`;

exports[`<Pagination/> should render Pagination 1`] = `
<div>
  <section
    class="cuke-pagination"
    current="1"
  >
    <button
      class="cuke-button cuke-button-normal cuke-button-disabled"
      disabled=""
      type="button"
    >
      <span>
        上一页
      </span>
    </button>
    <span
      class="cuke-pagination-pages"
    >
      <span
        class="cuke-pagination-page-index"
      >
        1
      </span>
       / 10
    </span>
    <button
      class="cuke-button cuke-button-primary"
      type="button"
    >
      <span>
        下一页
      </span>
    </button>
  </section>
  <section
    class="cuke-pagination"
    current="1"
  >
    <button
      class="cuke-button cuke-button-normal cuke-button-disabled"
      disabled=""
      type="button"
    >
      <span>
        后退
      </span>
    </button>
    <span
      class="cuke-pagination-pages"
    >
      <span
        class="cuke-pagination-page-index"
      >
        1
      </span>
       / 10
    </span>
    <button
      class="cuke-button cuke-button-primary"
      type="button"
    >
      <span>
        前进
      </span>
    </button>
  </section>
  <section
    class="cuke-pagination"
    current="1"
  >
    <button
      class="cuke-button cuke-button-normal cuke-button-disabled"
      disabled=""
      type="button"
    >
      <span>
        上一页
      </span>
    </button>
    <span
      class="cuke-pagination-pages"
    >
      <span
        class="cuke-pagination-page-index"
      >
        1
      </span>
       | 10
    </span>
    <button
      class="cuke-button cuke-button-primary"
      type="button"
    >
      <span>
        下一页
      </span>
    </button>
  </section>
</div>
`;
